[日志] 已启用文件日志: logs/main_dop_aware_tpch_exact_train_20260512_200625.log
============================================================
Serverless Predictor Main Control Script
============================================================
Test dataset: tpch
Model dataset: tpch
Training mode: exact_train
Use estimates: False
============================================================

🚀 Starting training: dop_aware
Starting DOP-aware operator model training...
成功加载TPCH训练集计划数据: /home/candle/Project/serverless_tools/data_kunpeng/tpch_output_500/plan_info.csv (23093 行)
成功加载TPCH测试集计划数据: /home/candle/Project/serverless_tools/data_kunpeng/tpch_output_22/plan_info.csv (30 行)
开始 DOP-aware model training...
信息: 算子 'CStore Index Scan' 在提供的训练数据中不存在，将完全跳过此算子。
信息: 算子 'Vector Nest Loop' 在提供的训练数据中不存在，将完全跳过此算子。
信息: 算子 'Vector Merge Join' 在提供的训练数据中不存在，将完全跳过此算子。
信息: 算子 'Aggregate' 在提供的训练数据中不存在，将完全跳过此算子。
信息: 算子 'Hash' 在提供的训练数据中不存在，将完全跳过此算子。
信息: 算子 'Vector WindowAgg' 在提供的训练数据中不存在，将完全跳过此算子。
信息: 算子 'Append' 在提供的训练数据中不存在，将完全跳过此算子。
信息: 算子 'Index Only Scan' 在提供的训练数据中不存在，将完全跳过此算子。
信息: 算子 'Hash Join' 在提供的训练数据中不存在，将完全跳过此算子。
信息: 算子 'CStore Scan' 在提供的训练数据中不存在，将完全跳过此算子。
信息: 算子 'Vector Materialize' 在提供的训练数据中不存在，将完全跳过此算子。
信息: 算子 'Vector Aggregate' 在提供的训练数据中不存在，将完全跳过此算子。
信息: 算子 'Vector Sort' 在提供的训练数据中不存在，将完全跳过此算子。
信息: 算子 'Vector Hash Aggregate' 在提供的训练数据中不存在，将完全跳过此算子。
信息: 算子 'Vector Sonic Hash Aggregate' 在提供的训练数据中不存在，将完全跳过此算子。
信息: 算子 'Vector Hash Join' 在提供的训练数据中不存在，将完全跳过此算子。
信息: 算子 'Vector Sonic Hash Join' 在提供的训练数据中不存在，将完全跳过此算子。
信息: 算子 'Vector Streaming LOCAL GATHER' 在提供的训练数据中不存在，将完全跳过此算子。
信息: 算子 'Vector Streaming LOCAL REDISTRIBUTE' 在提供的训练数据中不存在，将完全跳过此算子。
信息: 算子 'Vector Streaming BROADCAST' 在提供的训练数据中不存在，将完全跳过此算子。
信息: 算子 'Vector SetOp' 在提供的训练数据中不存在，将完全跳过此算子。
信息: 算子 'Vector Append' 在提供的训练数据中不存在，将完全跳过此算子。
信息: 算子 'ScanFilterProject' 在提供的训练数据中不存在，将完全跳过此算子。
信息: 算子 'Aggregate' 在提供的训练数据中不存在，将完全跳过此算子。

Training operator: AssignUniqueId
信息: 算子 'CrossJoin' 在提供的训练数据中不存在，将完全跳过此算子。

Training operator: EnforceSingleRow

Training operator: FilterProject
信息: 算子 'InnerJoin' 在提供的训练数据中不存在，将完全跳过此算子。
信息: 算子 'LeftJoin' 在提供的训练数据中不存在，将完全跳过此算子。
信息: 算子 'LocalExchange' 在提供的训练数据中不存在，将完全跳过此算子。

Training operator: LocalMerge
信息: 算子 'PartialSort' 在提供的训练数据中不存在，将完全跳过此算子。
信息: 算子 'Project' 在提供的训练数据中不存在，将完全跳过此算子。
信息: 算子 'RemoteSource' 在提供的训练数据中不存在，将完全跳过此算子。
信息: 算子 'ScanFilter' 在提供的训练数据中不存在，将完全跳过此算子。
信息: 算子 'ScanProject' 在提供的训练数据中不存在，将完全跳过此算子。
信息: 算子 'SemiJoin' 在提供的训练数据中不存在，将完全跳过此算子。

Training operator: TableScan
[Exec Hyperparams] operator=TableScan, lr=1e-05, batch_size=16, epochs=300
Epoch [10/300], Average Loss: 20.1588, Best Loss: 20.1588, Learning Rate: 0.000010
Epoch [20/300], Average Loss: 9.8004, Best Loss: 8.0886, Learning Rate: 0.000009
Epoch [30/300], Average Loss: 9.0979, Best Loss: 6.3230, Learning Rate: 0.000009
Epoch [40/300], Average Loss: 6.3060, Best Loss: 4.3548, Learning Rate: 0.000008
Epoch [50/300], Average Loss: 5.7330, Best Loss: 3.9371, Learning Rate: 0.000008
Epoch [60/300], Average Loss: 4.9097, Best Loss: 3.9371, Learning Rate: 0.000007
Epoch [70/300], Average Loss: 5.5034, Best Loss: 3.9371, Learning Rate: 0.000007
Epoch [80/300], Average Loss: 5.6104, Best Loss: 3.9371, Learning Rate: 0.000007
Epoch [90/300], Average Loss: 4.6993, Best Loss: 3.9371, Learning Rate: 0.000007
Epoch [100/300], Average Loss: 3.7983, Best Loss: 3.7983, Learning Rate: 0.000006
Epoch [110/300], Average Loss: 4.5760, Best Loss: 3.7983, Learning Rate: 0.000006
Epoch [120/300], Average Loss: 5.7025, Best Loss: 3.7983, Learning Rate: 0.000005
Epoch [130/300], Average Loss: 4.1689, Best Loss: 3.6445, Learning Rate: 0.000005
Epoch [140/300], Average Loss: 4.1850, Best Loss: 3.6445, Learning Rate: 0.000005
Epoch [150/300], Average Loss: 3.8244, Best Loss: 3.5540, Learning Rate: 0.000005
Epoch [160/300], Average Loss: 4.2853, Best Loss: 3.5540, Learning Rate: 0.000004
Epoch [170/300], Average Loss: 4.3594, Best Loss: 3.5540, Learning Rate: 0.000004
Epoch [180/300], Average Loss: 3.5770, Best Loss: 3.5540, Learning Rate: 0.000004
Epoch [190/300], Average Loss: 3.6546, Best Loss: 3.5540, Learning Rate: 0.000004
Epoch [200/300], Average Loss: 4.7405, Best Loss: 3.5540, Learning Rate: 0.000003
Epoch [210/300], Average Loss: 3.4496, Best Loss: 3.4002, Learning Rate: 0.000003
Epoch [220/300], Average Loss: 3.9720, Best Loss: 3.4002, Learning Rate: 0.000003
Epoch [230/300], Average Loss: 4.5336, Best Loss: 3.3528, Learning Rate: 0.000003
Epoch [240/300], Average Loss: 3.6984, Best Loss: 3.3528, Learning Rate: 0.000003
Epoch [250/300], Average Loss: 4.1780, Best Loss: 3.3528, Learning Rate: 0.000003
Epoch [260/300], Average Loss: 4.1021, Best Loss: 3.3528, Learning Rate: 0.000003
Epoch [270/300], Average Loss: 3.6664, Best Loss: 3.3528, Learning Rate: 0.000003
Epoch [280/300], Average Loss: 3.9144, Best Loss: 3.2154, Learning Rate: 0.000002
Epoch [290/300], Average Loss: 4.1586, Best Loss: 3.2154, Learning Rate: 0.000002
Epoch [300/300], Average Loss: 3.6044, Best Loss: 3.2154, Learning Rate: 0.000002
[DEBUG][exec] ===== sample params/predictions =====
idx=0 dop=64.0000 true=366.4100 pred=1921098752.0000 a=0.050000 b=1315837312.000000 c=-261818176.000000 d=0.200000 e=1453806976.000000
idx=1 dop=64.0000 true=22330.1523 pred=2692073216.0000 a=2.000000 b=881477248.000000 c=959756928.000000 d=0.200000 e=486915584.000000
[DEBUG][exec] ranges: a[0.050000, 2.000000] b[881477248.000000, 1315837312.000000] c[-261818176.000000, 959756928.000000] d[0.200000, 0.200000] e[486915584.000000, 1453806976.000000] true[366.410004, 22330.152344] pred[1921098752.000000, 2692073216.000000]
ONNX model saved to: /home/candle/Project/serverless_tools/output/tpch/models/exact_train/operator_dop_aware/TableScan/exec_TableScan.onnx
Native model prediction time: 0.000438 seconds
ONNX model prediction time: 0.000275 seconds
All operator exec results have been saved to /home/candle/Project/serverless_tools/output/evaluations/dop_aware/all_operators_performance_exec.csv
DOP-aware model training 完成，耗时: 243.4900 秒
✅ Training completed

============================================================
🎉 All tasks completed!
============================================================
