[日志] 已启用文件日志: logs/main_dop_aware_tpch_exact_train_20260513_150949.log
============================================================
Serverless Predictor Main Control Script
============================================================
Test dataset: tpch
Model dataset: tpch
Training mode: exact_train
Use estimates: False
============================================================

🚀 Starting training: dop_aware
Starting DOP-aware operator model training...
成功加载TPCH训练集计划数据: /home/candle/Project/serverless_tools/data_kunpeng/tpch_output_500/plan_info.csv (23093 行)
成功加载TPCH测试集计划数据: /home/candle/Project/serverless_tools/data_kunpeng/tpch_output_22/plan_info.csv (1066 行)
开始 DOP-aware model training...
信息: 算子 'CStore Index Scan' 在提供的训练数据中不存在，将完全跳过此算子。
信息: 算子 'Vector Nest Loop' 在提供的训练数据中不存在，将完全跳过此算子。
信息: 算子 'Vector Merge Join' 在提供的训练数据中不存在，将完全跳过此算子。
信息: 算子 'Aggregate' 在提供的训练数据中不存在，将完全跳过此算子。
信息: 算子 'Hash' 在提供的训练数据中不存在，将完全跳过此算子。
信息: 算子 'Vector WindowAgg' 在提供的训练数据中不存在，将完全跳过此算子。
信息: 算子 'Append' 在提供的训练数据中不存在，将完全跳过此算子。
信息: 算子 'Index Only Scan' 在提供的训练数据中不存在，将完全跳过此算子。
信息: 算子 'Hash Join' 在提供的训练数据中不存在，将完全跳过此算子。
信息: 算子 'CStore Scan' 在提供的训练数据中不存在，将完全跳过此算子。
信息: 算子 'Vector Materialize' 在提供的训练数据中不存在，将完全跳过此算子。
信息: 算子 'Vector Aggregate' 在提供的训练数据中不存在，将完全跳过此算子。
信息: 算子 'Vector Sort' 在提供的训练数据中不存在，将完全跳过此算子。
信息: 算子 'Vector Hash Aggregate' 在提供的训练数据中不存在，将完全跳过此算子。
信息: 算子 'Vector Sonic Hash Aggregate' 在提供的训练数据中不存在，将完全跳过此算子。
信息: 算子 'Vector Hash Join' 在提供的训练数据中不存在，将完全跳过此算子。
信息: 算子 'Vector Sonic Hash Join' 在提供的训练数据中不存在，将完全跳过此算子。
信息: 算子 'Vector Streaming LOCAL GATHER' 在提供的训练数据中不存在，将完全跳过此算子。
信息: 算子 'Vector Streaming LOCAL REDISTRIBUTE' 在提供的训练数据中不存在，将完全跳过此算子。
信息: 算子 'Vector Streaming BROADCAST' 在提供的训练数据中不存在，将完全跳过此算子。
信息: 算子 'Vector SetOp' 在提供的训练数据中不存在，将完全跳过此算子。
信息: 算子 'Vector Append' 在提供的训练数据中不存在，将完全跳过此算子。
信息: 算子 'ScanFilterProject' 在提供的训练数据中不存在，将完全跳过此算子。
信息: 算子 'Aggregate' 在提供的训练数据中不存在，将完全跳过此算子。

Training operator: AssignUniqueId
信息: 算子 'CrossJoin' 在提供的训练数据中不存在，将完全跳过此算子。

Training operator: EnforceSingleRow

Training operator: FilterProject
信息: 算子 'InnerJoin' 在提供的训练数据中不存在，将完全跳过此算子。
信息: 算子 'LeftJoin' 在提供的训练数据中不存在，将完全跳过此算子。
信息: 算子 'LocalExchange' 在提供的训练数据中不存在，将完全跳过此算子。

Training operator: LocalMerge
信息: 算子 'PartialSort' 在提供的训练数据中不存在，将完全跳过此算子。
信息: 算子 'Project' 在提供的训练数据中不存在，将完全跳过此算子。
信息: 算子 'RemoteSource' 在提供的训练数据中不存在，将完全跳过此算子。
信息: 算子 'ScanFilter' 在提供的训练数据中不存在，将完全跳过此算子。
信息: 算子 'ScanProject' 在提供的训练数据中不存在，将完全跳过此算子。
信息: 算子 'SemiJoin' 在提供的训练数据中不存在，将完全跳过此算子。

Training operator: TableScan
[Exec Hyperparams] operator=TableScan, lr=1e-05, batch_size=16, epochs=300
[DEBUG][train_exec] ===== data ranges =====
X_train shape=(1918, 14) y_train shape=(1918,) dop_train shape=(1918,)
y_train min=0.017525 max=2972.502197 mean=228.230499
dop_train min=2.000000 max=160.000000 mean=60.741398
Epoch [10/300], Average Loss: 1827.8831, Best Loss: 1827.8831, Learning Rate: 0.000010
Epoch [20/300], Average Loss: 1063.9251, Best Loss: 1063.9251, Learning Rate: 0.000009
Epoch [30/300], Average Loss: 441.2355, Best Loss: 441.2355, Learning Rate: 0.000009
Epoch [40/300], Average Loss: 156.3959, Best Loss: 156.3959, Learning Rate: 0.000008
Epoch [50/300], Average Loss: 54.6400, Best Loss: 54.6400, Learning Rate: 0.000008
Epoch [60/300], Average Loss: 13.1595, Best Loss: 13.1595, Learning Rate: 0.000007
Epoch [70/300], Average Loss: 3.3073, Best Loss: 3.3073, Learning Rate: 0.000007
Epoch [80/300], Average Loss: 3.2567, Best Loss: 2.9030, Learning Rate: 0.000007
Epoch [90/300], Average Loss: 3.0272, Best Loss: 2.6215, Learning Rate: 0.000007
Epoch [100/300], Average Loss: 2.8650, Best Loss: 2.2918, Learning Rate: 0.000006
Epoch [110/300], Average Loss: 2.5090, Best Loss: 2.2918, Learning Rate: 0.000006
Epoch [120/300], Average Loss: 2.3180, Best Loss: 2.2272, Learning Rate: 0.000005
Epoch [130/300], Average Loss: 2.5924, Best Loss: 2.1938, Learning Rate: 0.000005
Epoch [140/300], Average Loss: 2.5218, Best Loss: 2.0563, Learning Rate: 0.000005
Epoch [150/300], Average Loss: 2.3691, Best Loss: 2.0563, Learning Rate: 0.000005
Epoch [160/300], Average Loss: 2.3634, Best Loss: 2.0563, Learning Rate: 0.000004
Epoch [170/300], Average Loss: 2.1599, Best Loss: 2.0563, Learning Rate: 0.000004
Epoch [180/300], Average Loss: 2.2370, Best Loss: 2.0563, Learning Rate: 0.000004
Epoch [190/300], Average Loss: 1.9719, Best Loss: 1.9719, Learning Rate: 0.000004
Epoch [200/300], Average Loss: 2.2811, Best Loss: 1.9701, Learning Rate: 0.000003
Epoch [210/300], Average Loss: 2.2092, Best Loss: 1.9622, Learning Rate: 0.000003
Epoch [220/300], Average Loss: 2.1163, Best Loss: 1.9622, Learning Rate: 0.000003
Epoch [230/300], Average Loss: 2.2771, Best Loss: 1.9328, Learning Rate: 0.000003
Epoch [240/300], Average Loss: 2.1915, Best Loss: 1.9328, Learning Rate: 0.000003
Epoch [250/300], Average Loss: 2.0046, Best Loss: 1.8778, Learning Rate: 0.000003
Epoch [260/300], Average Loss: 2.2230, Best Loss: 1.8778, Learning Rate: 0.000003
Epoch [270/300], Average Loss: 2.0486, Best Loss: 1.8778, Learning Rate: 0.000003
Epoch [280/300], Average Loss: 2.3133, Best Loss: 1.8778, Learning Rate: 0.000002
Epoch [290/300], Average Loss: 2.0918, Best Loss: 1.8778, Learning Rate: 0.000002
Epoch [300/300], Average Loss: 2.1749, Best Loss: 1.8135, Learning Rate: 0.000002
[DEBUG][eval_exec] ===== data ranges =====
X_test shape=(87, 14) y_test shape=(87,) dop_test shape=(87,)
y_test min=0.714000 max=106200.164062 mean=11486.062500
dop_test min=16.000000 max=64.000000 mean=54.620689
[DEBUG][exec] ===== sample params/predictions =====
idx=0 dop=64.0000 true=5750.2788 pred=1244655104.0000 a=2.000000 b=0.001000 c=973320896.000000 d=0.000000 e=271334272.000000
idx=1 dop=64.0000 true=18250.1504 pred=7270588416.0000 a=2.000000 b=0.001000 c=7040139264.000000 d=0.000000 e=230449152.000000
idx=2 dop=64.0000 true=7780.1572 pred=345077888.0000 a=2.000000 b=0.001000 c=334140096.000000 d=0.000000 e=10937792.000000
idx=3 dop=16.0000 true=1.8830 pred=1410497280.0000 a=2.000000 b=0.001000 c=1103009536.000000 d=0.000000 e=307487744.000000
idx=4 dop=64.0000 true=4260.1680 pred=526006176.0000 a=2.000000 b=0.001000 c=411336864.000000 d=0.000000 e=114669312.000000
idx=5 dop=64.0000 true=14.7510 pred=1399440768.0000 a=2.000000 b=0.001000 c=1094363392.000000 d=0.000000 e=305077376.000000
idx=6 dop=16.0000 true=2.5360 pred=1410497280.0000 a=2.000000 b=0.001000 c=1103009536.000000 d=0.000000 e=307487744.000000
idx=7 dop=64.0000 true=6160.1719 pred=526006080.0000 a=2.000000 b=0.001000 c=411336864.000000 d=0.000000 e=114669216.000000
idx=8 dop=64.0000 true=14.6660 pred=1399440768.0000 a=2.000000 b=0.001000 c=1094363392.000000 d=0.000000 e=305077376.000000
idx=9 dop=16.0000 true=1.6660 pred=1410497280.0000 a=2.000000 b=0.001000 c=1103009536.000000 d=0.000000 e=307487744.000000
idx=10 dop=64.0000 true=3160.1851 pred=345077568.0000 a=2.000000 b=0.001000 c=334139776.000000 d=0.000000 e=10937792.000000
idx=11 dop=64.0000 true=14210.1553 pred=7270587392.0000 a=2.000000 b=0.001000 c=7040137216.000000 d=0.000000 e=230450176.000000
idx=12 dop=64.0000 true=25280.1680 pred=345078336.0000 a=2.000000 b=0.001000 c=334140352.000000 d=0.000000 e=10937984.000000
idx=13 dop=64.0000 true=255.0820 pred=1244654592.0000 a=2.000000 b=0.001000 c=973320640.000000 d=0.000000 e=271333952.000000
idx=14 dop=64.0000 true=366.4100 pred=1189373952.0000 a=2.000000 b=0.001000 c=930091072.000000 d=0.000000 e=259282944.000000
idx=15 dop=64.0000 true=22330.1523 pred=7270590464.0000 a=2.000000 b=0.001000 c=7040139264.000000 d=0.000000 e=230451200.000000
idx=16 dop=64.0000 true=69.6160 pred=1399440640.0000 a=2.000000 b=0.001000 c=1094363392.000000 d=0.000000 e=305077248.000000
idx=17 dop=64.0000 true=53350.1680 pred=7270590464.0000 a=2.000000 b=0.001000 c=7040139264.000000 d=0.000000 e=230451200.000000
idx=18 dop=64.0000 true=52990.3281 pred=7270590464.0000 a=2.000000 b=0.001000 c=7040139264.000000 d=0.000000 e=230451200.000000
idx=19 dop=64.0000 true=3130.1731 pred=526006080.0000 a=2.000000 b=0.001000 c=411336896.000000 d=0.000000 e=114669184.000000
idx=20 dop=64.0000 true=496.9510 pred=1189373952.0000 a=2.000000 b=0.001000 c=930091072.000000 d=0.000000 e=259282944.000000
idx=21 dop=64.0000 true=75.7160 pred=1399440640.0000 a=2.000000 b=0.001000 c=1094363392.000000 d=0.000000 e=305077248.000000
idx=22 dop=64.0000 true=19570.3770 pred=7270589440.0000 a=2.000000 b=0.001000 c=7040139264.000000 d=0.000000 e=230450176.000000
idx=23 dop=64.0000 true=21520.1523 pred=7270589440.0000 a=2.000000 b=0.001000 c=7040139264.000000 d=0.000000 e=230450176.000000
idx=24 dop=64.0000 true=851.3110 pred=1189373952.0000 a=2.000000 b=0.001000 c=930091072.000000 d=0.000000 e=259282944.000000
idx=25 dop=64.0000 true=11280.1953 pred=7270591488.0000 a=2.000000 b=0.001000 c=7040141312.000000 d=0.000000 e=230450176.000000
idx=26 dop=64.0000 true=24490.1680 pred=345077984.0000 a=2.000000 b=0.001000 c=334140128.000000 d=0.000000 e=10937856.000000
idx=27 dop=64.0000 true=1140.2920 pred=1244654976.0000 a=2.000000 b=0.001000 c=973320832.000000 d=0.000000 e=271334144.000000
idx=28 dop=64.0000 true=17450.1621 pred=7270591488.0000 a=2.000000 b=0.001000 c=7040141312.000000 d=0.000000 e=230450176.000000
idx=29 dop=64.0000 true=33800.1562 pred=7270590464.0000 a=2.000000 b=0.001000 c=7040139264.000000 d=0.000000 e=230451200.000000
[DEBUG][exec] ranges: a[2.000000, 2.000000] b[0.001000, 0.001000] c[334139776.000000, 7040141312.000000] d[0.000000, 0.000000] e[10937728.000000, 307487744.000000] true[0.714000, 106200.164062] pred[345077568.000000, 7270592512.000000]
ONNX model saved to: /home/candle/Project/serverless_tools/output/tpch/models/exact_train/operator_dop_aware/TableScan/exec_TableScan.onnx
Native model prediction time: 0.000535 seconds
ONNX model prediction time: 0.002071 seconds
All operator exec results have been saved to /home/candle/Project/serverless_tools/output/evaluations/dop_aware/all_operators_performance_exec.csv
DOP-aware model training 完成，耗时: 188.3275 秒
✅ Training completed

============================================================
🎉 All tasks completed!
============================================================
