[日志] 已启用文件日志: logs/main_dop_aware_tpch_exact_train_20260513_154605.log
============================================================
Serverless Predictor Main Control Script
============================================================
Test dataset: tpch
Model dataset: tpch
Training mode: exact_train
Use estimates: False
============================================================

🚀 Starting training: dop_aware
Starting DOP-aware operator model training...
成功加载TPCH训练集计划数据: /home/candle/Project/serverless_tools/data_kunpeng/tpch_output_500/plan_info.csv (23093 行)
成功加载TPCH测试集计划数据: /home/candle/Project/serverless_tools/data_kunpeng/tpch_output_22/plan_info.csv (176 行)
开始 DOP-aware model training...
信息: 算子 'CStore Index Scan' 在提供的训练数据中不存在，将完全跳过此算子。
信息: 算子 'Vector Nest Loop' 在提供的训练数据中不存在，将完全跳过此算子。
信息: 算子 'Vector Merge Join' 在提供的训练数据中不存在，将完全跳过此算子。
信息: 算子 'Aggregate' 在提供的训练数据中不存在，将完全跳过此算子。
信息: 算子 'Hash' 在提供的训练数据中不存在，将完全跳过此算子。
信息: 算子 'Vector WindowAgg' 在提供的训练数据中不存在，将完全跳过此算子。
信息: 算子 'Append' 在提供的训练数据中不存在，将完全跳过此算子。
信息: 算子 'Index Only Scan' 在提供的训练数据中不存在，将完全跳过此算子。
信息: 算子 'Hash Join' 在提供的训练数据中不存在，将完全跳过此算子。
信息: 算子 'CStore Scan' 在提供的训练数据中不存在，将完全跳过此算子。
信息: 算子 'Vector Materialize' 在提供的训练数据中不存在，将完全跳过此算子。
信息: 算子 'Vector Aggregate' 在提供的训练数据中不存在，将完全跳过此算子。
信息: 算子 'Vector Sort' 在提供的训练数据中不存在，将完全跳过此算子。
信息: 算子 'Vector Hash Aggregate' 在提供的训练数据中不存在，将完全跳过此算子。
信息: 算子 'Vector Sonic Hash Aggregate' 在提供的训练数据中不存在，将完全跳过此算子。
信息: 算子 'Vector Hash Join' 在提供的训练数据中不存在，将完全跳过此算子。
信息: 算子 'Vector Sonic Hash Join' 在提供的训练数据中不存在，将完全跳过此算子。
信息: 算子 'Vector Streaming LOCAL GATHER' 在提供的训练数据中不存在，将完全跳过此算子。
信息: 算子 'Vector Streaming LOCAL REDISTRIBUTE' 在提供的训练数据中不存在，将完全跳过此算子。
信息: 算子 'Vector Streaming BROADCAST' 在提供的训练数据中不存在，将完全跳过此算子。
信息: 算子 'Vector SetOp' 在提供的训练数据中不存在，将完全跳过此算子。
信息: 算子 'Vector Append' 在提供的训练数据中不存在，将完全跳过此算子。
信息: 算子 'ScanFilterProject' 在提供的训练数据中不存在，将完全跳过此算子。
信息: 算子 'Aggregate' 在提供的训练数据中不存在，将完全跳过此算子。

Training operator: AssignUniqueId
信息: 算子 'CrossJoin' 在提供的训练数据中不存在，将完全跳过此算子。

Training operator: EnforceSingleRow

Training operator: FilterProject
信息: 算子 'InnerJoin' 在提供的训练数据中不存在，将完全跳过此算子。
信息: 算子 'LeftJoin' 在提供的训练数据中不存在，将完全跳过此算子。
信息: 算子 'LocalExchange' 在提供的训练数据中不存在，将完全跳过此算子。

Training operator: LocalMerge
信息: 算子 'PartialSort' 在提供的训练数据中不存在，将完全跳过此算子。
信息: 算子 'Project' 在提供的训练数据中不存在，将完全跳过此算子。
信息: 算子 'RemoteSource' 在提供的训练数据中不存在，将完全跳过此算子。
信息: 算子 'ScanFilter' 在提供的训练数据中不存在，将完全跳过此算子。
信息: 算子 'ScanProject' 在提供的训练数据中不存在，将完全跳过此算子。
信息: 算子 'SemiJoin' 在提供的训练数据中不存在，将完全跳过此算子。

Training operator: TableScan
[Exec Hyperparams] operator=TableScan, lr=1e-05, batch_size=16, epochs=100
[DEBUG][train_exec] ===== data ranges =====
X_train shape=(1918, 14) y_train shape=(1918,) dop_train shape=(1918,)
y_train min=0.017525 max=2972.502197 mean=228.230499
dop_train min=2.000000 max=160.000000 mean=60.741398
Epoch [10/100], Average Loss: 1088390.6550, Best Loss: 1088390.6550, Learning Rate: 0.000010
Epoch [20/100], Average Loss: 834315.8777, Best Loss: 834315.8777, Learning Rate: 0.000009
Epoch [30/100], Average Loss: 963872.8678, Best Loss: 726343.8539, Learning Rate: 0.000009
Epoch [40/100], Average Loss: 823024.1797, Best Loss: 592874.3936, Learning Rate: 0.000008
Epoch [50/100], Average Loss: 570439.7857, Best Loss: 489719.1705, Learning Rate: 0.000008
Epoch [60/100], Average Loss: 675430.3190, Best Loss: 489719.1705, Learning Rate: 0.000007
Epoch [70/100], Average Loss: 605844.8170, Best Loss: 477147.6226, Learning Rate: 0.000007
Epoch [80/100], Average Loss: 563252.2301, Best Loss: 474445.2241, Learning Rate: 0.000007
Backend TkAgg is interactive backend. Turning interactive mode on.
Epoch [90/100], Average Loss: 533422.5330, Best Loss: 474445.2241, Learning Rate: 0.000007
Epoch [100/100], Average Loss: 534855.6453, Best Loss: 411029.3880, Learning Rate: 0.000006
[DEBUG][eval_exec] ===== data ranges =====
X_test shape=(16, 14) y_test shape=(16,) dop_test shape=(16,)
y_test min=0.220188 max=1042.502197 mean=211.981155
dop_test min=2.000000 max=128.000000 mean=60.125000
[DEBUG][exec] ===== sample params/predictions =====
idx=0 dop=64.0000 true=73.7553 pred=-30769260.0000 a=0.050000 b=0.001000 c=-442718.125000 d=1.000000 e=-2435300.250000
idx=1 dop=64.0000 true=375.0023 pred=-113568312.0000 a=0.050000 b=0.001000 c=-1895684.125000 d=1.000000 e=7755472.000000
idx=2 dop=64.0000 true=134.5338 pred=763449.7500 a=0.050000 b=0.001000 c=653327.875000 d=0.000000 e=110121.859375
idx=3 dop=16.0000 true=0.2247 pred=-230.0490 a=0.050000 b=0.001000 c=-3.988183 d=1.000000 e=-166.238892
idx=4 dop=96.0000 true=68.5470 pred=-44936420.0000 a=0.050000 b=0.001000 c=-442720.125000 d=1.000000 e=-2435286.250000
idx=5 dop=96.0000 true=398.4398 pred=-174230208.0000 a=0.050000 b=0.001000 c=-1895684.125000 d=1.000000 e=7755476.000000
idx=6 dop=96.0000 true=127.6066 pred=763673.7500 a=0.050000 b=0.001000 c=653225.875000 d=0.000000 e=110447.859375
idx=7 dop=24.0000 true=0.2298 pred=-260.6656 a=0.050000 b=0.001000 c=-3.930238 d=1.000000 e=-166.340729
idx=8 dop=8.0000 true=386.2527 pred=-5977009.0000 a=0.050000 b=0.001000 c=-442714.125000 d=1.000000 e=-2435296.250000
idx=9 dop=8.0000 true=1042.5022 pred=-7520373.0000 a=0.050000 b=0.001000 c=-1912284.125000 d=1.000000 e=7777900.000000
idx=10 dop=8.0000 true=268.7523 pred=763629.7500 a=0.050000 b=0.001000 c=653255.875000 d=0.000000 e=110373.859375
idx=11 dop=2.0000 true=0.3105 pred=-174.2400 a=0.050000 b=0.001000 c=-4.089853 d=1.000000 e=-166.061218
idx=12 dop=128.0000 true=56.0197 pred=-59102700.0000 a=0.050000 b=0.001000 c=-442714.125000 d=1.000000 e=-2435292.250000
idx=13 dop=128.0000 true=347.4244 pred=-234891072.0000 a=0.050000 b=0.001000 c=-1895676.125000 d=1.000000 e=7755468.000000
idx=14 dop=128.0000 true=111.8774 pred=763169.7500 a=0.050000 b=0.001000 c=653465.875000 d=0.000000 e=109703.859375
idx=15 dop=32.0000 true=0.2202 pred=-290.3499 a=0.050000 b=0.001000 c=-3.872140 d=1.000000 e=-166.442245
[DEBUG][exec] ranges: a[0.050000, 0.050000] b[0.001000, 0.001000] c[-1912284.125000, 653465.875000] d[0.000000, 1.000000] e[-2435300.250000, 7777900.000000] true[0.220188, 1042.502197] pred[-234891072.000000, 763673.750000]
ONNX model saved to: /home/candle/Project/serverless_tools/output/tpch/models/exact_train/operator_dop_aware/TableScan/exec_TableScan.onnx
Native model prediction time: 0.000880 seconds
ONNX model prediction time: 0.000394 seconds
All operator exec results have been saved to /home/candle/Project/serverless_tools/output/evaluations/dop_aware/all_operators_performance_exec.csv
DOP-aware model training 完成，耗时: 173.3631 秒
✅ Training completed

============================================================
🎉 All tasks completed!
============================================================
