[日志] 已启用文件日志: logs/main_dop_aware_tpch_exact_train_20260512_173048.log
============================================================
Serverless Predictor Main Control Script
============================================================
Test dataset: tpch
Model dataset: tpch
Training mode: exact_train
Use estimates: False
============================================================

🚀 Starting training: dop_aware
Starting DOP-aware operator model training...
成功加载TPCH训练集计划数据: /home/candle/Project/serverless_tools/data_kunpeng/tpch_output_500/plan_info.csv (23093 行)
成功加载TPCH测试集计划数据: /home/candle/Project/serverless_tools/data_kunpeng/tpch_output_22/plan_info.csv (30 行)
开始 DOP-aware model training...
信息: 算子 'CStore Index Scan' 在提供的训练数据中不存在，将完全跳过此算子。
信息: 算子 'Vector Nest Loop' 在提供的训练数据中不存在，将完全跳过此算子。
信息: 算子 'Vector Merge Join' 在提供的训练数据中不存在，将完全跳过此算子。
信息: 算子 'Aggregate' 在提供的训练数据中不存在，将完全跳过此算子。
信息: 算子 'Hash' 在提供的训练数据中不存在，将完全跳过此算子。
信息: 算子 'Vector WindowAgg' 在提供的训练数据中不存在，将完全跳过此算子。
信息: 算子 'Append' 在提供的训练数据中不存在，将完全跳过此算子。
信息: 算子 'Index Only Scan' 在提供的训练数据中不存在，将完全跳过此算子。
信息: 算子 'Hash Join' 在提供的训练数据中不存在，将完全跳过此算子。
信息: 算子 'CStore Scan' 在提供的训练数据中不存在，将完全跳过此算子。
信息: 算子 'Vector Materialize' 在提供的训练数据中不存在，将完全跳过此算子。
信息: 算子 'Vector Aggregate' 在提供的训练数据中不存在，将完全跳过此算子。
信息: 算子 'Vector Sort' 在提供的训练数据中不存在，将完全跳过此算子。
信息: 算子 'Vector Hash Aggregate' 在提供的训练数据中不存在，将完全跳过此算子。
信息: 算子 'Vector Sonic Hash Aggregate' 在提供的训练数据中不存在，将完全跳过此算子。
信息: 算子 'Vector Hash Join' 在提供的训练数据中不存在，将完全跳过此算子。
信息: 算子 'Vector Sonic Hash Join' 在提供的训练数据中不存在，将完全跳过此算子。
信息: 算子 'Vector Streaming LOCAL GATHER' 在提供的训练数据中不存在，将完全跳过此算子。
信息: 算子 'Vector Streaming LOCAL REDISTRIBUTE' 在提供的训练数据中不存在，将完全跳过此算子。
信息: 算子 'Vector Streaming BROADCAST' 在提供的训练数据中不存在，将完全跳过此算子。
信息: 算子 'Vector SetOp' 在提供的训练数据中不存在，将完全跳过此算子。
信息: 算子 'Vector Append' 在提供的训练数据中不存在，将完全跳过此算子。
信息: 算子 'ScanFilterProject' 在提供的训练数据中不存在，将完全跳过此算子。
信息: 算子 'Aggregate' 在提供的训练数据中不存在，将完全跳过此算子。

Training operator: AssignUniqueId
信息: 算子 'CrossJoin' 在提供的训练数据中不存在，将完全跳过此算子。

Training operator: EnforceSingleRow

Training operator: FilterProject
信息: 算子 'InnerJoin' 在提供的训练数据中不存在，将完全跳过此算子。
信息: 算子 'LeftJoin' 在提供的训练数据中不存在，将完全跳过此算子。
信息: 算子 'LocalExchange' 在提供的训练数据中不存在，将完全跳过此算子。

Training operator: LocalMerge
信息: 算子 'PartialSort' 在提供的训练数据中不存在，将完全跳过此算子。
信息: 算子 'Project' 在提供的训练数据中不存在，将完全跳过此算子。
信息: 算子 'RemoteSource' 在提供的训练数据中不存在，将完全跳过此算子。
信息: 算子 'ScanFilter' 在提供的训练数据中不存在，将完全跳过此算子。
信息: 算子 'ScanProject' 在提供的训练数据中不存在，将完全跳过此算子。
信息: 算子 'SemiJoin' 在提供的训练数据中不存在，将完全跳过此算子。

Training operator: TableScan
Backend TkAgg is interactive backend. Turning interactive mode on.
[Exec Hyperparams] operator=TableScan, lr=1e-05, batch_size=16, epochs=300
Epoch [10/300], Average Loss: 23.2900, Best Loss: 23.2900, Learning Rate: 0.000010
Epoch [20/300], Average Loss: 5.8061, Best Loss: 5.7141, Learning Rate: 0.000009
Epoch [30/300], Average Loss: 4.7555, Best Loss: 4.4802, Learning Rate: 0.000009
Epoch [40/300], Average Loss: 3.9622, Best Loss: 3.2276, Learning Rate: 0.000008
Epoch [50/300], Average Loss: 3.6164, Best Loss: 3.2276, Learning Rate: 0.000008
Epoch [60/300], Average Loss: 3.4391, Best Loss: 3.2040, Learning Rate: 0.000007
Epoch [70/300], Average Loss: 3.4282, Best Loss: 3.2040, Learning Rate: 0.000007
Epoch [80/300], Average Loss: 3.3011, Best Loss: 3.1409, Learning Rate: 0.000007
Epoch [90/300], Average Loss: 3.3798, Best Loss: 3.0738, Learning Rate: 0.000007
Epoch [100/300], Average Loss: 3.0151, Best Loss: 3.0151, Learning Rate: 0.000006
Epoch [110/300], Average Loss: 3.3506, Best Loss: 3.0151, Learning Rate: 0.000006
Epoch [120/300], Average Loss: 3.3284, Best Loss: 3.0151, Learning Rate: 0.000005
Epoch [130/300], Average Loss: 3.2004, Best Loss: 2.9541, Learning Rate: 0.000005
Epoch [140/300], Average Loss: 3.2483, Best Loss: 2.9541, Learning Rate: 0.000005
Epoch [150/300], Average Loss: 3.0165, Best Loss: 2.8687, Learning Rate: 0.000005
Epoch [160/300], Average Loss: 3.3991, Best Loss: 2.8687, Learning Rate: 0.000004
Epoch [170/300], Average Loss: 3.1658, Best Loss: 2.8687, Learning Rate: 0.000004
Epoch [180/300], Average Loss: 2.8356, Best Loss: 2.8356, Learning Rate: 0.000004
Epoch [190/300], Average Loss: 3.2720, Best Loss: 2.8356, Learning Rate: 0.000004
Epoch [200/300], Average Loss: 2.9993, Best Loss: 2.8356, Learning Rate: 0.000003
Epoch [210/300], Average Loss: 3.0548, Best Loss: 2.8356, Learning Rate: 0.000003
Epoch [220/300], Average Loss: 3.2031, Best Loss: 2.8356, Learning Rate: 0.000003
Epoch [230/300], Average Loss: 3.3612, Best Loss: 2.8356, Learning Rate: 0.000003
