[日志] 已启用文件日志: logs/main_dop_aware_tpch_exact_train_20260513_144216.log
============================================================
Serverless Predictor Main Control Script
============================================================
Test dataset: tpch
Model dataset: tpch
Training mode: exact_train
Use estimates: False
============================================================

🚀 Starting training: dop_aware
Starting DOP-aware operator model training...
成功加载TPCH训练集计划数据: /home/candle/Project/serverless_tools/data_kunpeng/tpch_output_500/plan_info.csv (23093 行)
成功加载TPCH测试集计划数据: /home/candle/Project/serverless_tools/data_kunpeng/tpch_output_22/plan_info.csv (30 行)
开始 DOP-aware model training...
信息: 算子 'CStore Index Scan' 在提供的训练数据中不存在，将完全跳过此算子。
信息: 算子 'Vector Nest Loop' 在提供的训练数据中不存在，将完全跳过此算子。
信息: 算子 'Vector Merge Join' 在提供的训练数据中不存在，将完全跳过此算子。
信息: 算子 'Aggregate' 在提供的训练数据中不存在，将完全跳过此算子。
信息: 算子 'Hash' 在提供的训练数据中不存在，将完全跳过此算子。
信息: 算子 'Vector WindowAgg' 在提供的训练数据中不存在，将完全跳过此算子。
信息: 算子 'Append' 在提供的训练数据中不存在，将完全跳过此算子。
信息: 算子 'Index Only Scan' 在提供的训练数据中不存在，将完全跳过此算子。
信息: 算子 'Hash Join' 在提供的训练数据中不存在，将完全跳过此算子。
信息: 算子 'CStore Scan' 在提供的训练数据中不存在，将完全跳过此算子。
信息: 算子 'Vector Materialize' 在提供的训练数据中不存在，将完全跳过此算子。
信息: 算子 'Vector Aggregate' 在提供的训练数据中不存在，将完全跳过此算子。
信息: 算子 'Vector Sort' 在提供的训练数据中不存在，将完全跳过此算子。
信息: 算子 'Vector Hash Aggregate' 在提供的训练数据中不存在，将完全跳过此算子。
信息: 算子 'Vector Sonic Hash Aggregate' 在提供的训练数据中不存在，将完全跳过此算子。
信息: 算子 'Vector Hash Join' 在提供的训练数据中不存在，将完全跳过此算子。
信息: 算子 'Vector Sonic Hash Join' 在提供的训练数据中不存在，将完全跳过此算子。
信息: 算子 'Vector Streaming LOCAL GATHER' 在提供的训练数据中不存在，将完全跳过此算子。
信息: 算子 'Vector Streaming LOCAL REDISTRIBUTE' 在提供的训练数据中不存在，将完全跳过此算子。
信息: 算子 'Vector Streaming BROADCAST' 在提供的训练数据中不存在，将完全跳过此算子。
信息: 算子 'Vector SetOp' 在提供的训练数据中不存在，将完全跳过此算子。
信息: 算子 'Vector Append' 在提供的训练数据中不存在，将完全跳过此算子。
信息: 算子 'ScanFilterProject' 在提供的训练数据中不存在，将完全跳过此算子。
信息: 算子 'Aggregate' 在提供的训练数据中不存在，将完全跳过此算子。

Training operator: AssignUniqueId
信息: 算子 'CrossJoin' 在提供的训练数据中不存在，将完全跳过此算子。

Training operator: EnforceSingleRow

Training operator: FilterProject
信息: 算子 'InnerJoin' 在提供的训练数据中不存在，将完全跳过此算子。
信息: 算子 'LeftJoin' 在提供的训练数据中不存在，将完全跳过此算子。
信息: 算子 'LocalExchange' 在提供的训练数据中不存在，将完全跳过此算子。

Training operator: LocalMerge
信息: 算子 'PartialSort' 在提供的训练数据中不存在，将完全跳过此算子。
信息: 算子 'Project' 在提供的训练数据中不存在，将完全跳过此算子。
信息: 算子 'RemoteSource' 在提供的训练数据中不存在，将完全跳过此算子。
信息: 算子 'ScanFilter' 在提供的训练数据中不存在，将完全跳过此算子。
信息: 算子 'ScanProject' 在提供的训练数据中不存在，将完全跳过此算子。
信息: 算子 'SemiJoin' 在提供的训练数据中不存在，将完全跳过此算子。

Training operator: TableScan
Backend TkAgg is interactive backend. Turning interactive mode on.
[Exec Hyperparams] operator=TableScan, lr=1e-05, batch_size=16, epochs=300
[DEBUG][train_exec] ===== data ranges =====
X_train shape=(1918, 14) y_train shape=(1918,) dop_train shape=(1918,)
y_train min=0.017525 max=2972.502197 mean=228.230499
dop_train min=2.000000 max=160.000000 mean=60.741398
Epoch [10/300], Average Loss: 1827.8831, Best Loss: 1827.8831, Learning Rate: 0.000010
Epoch [20/300], Average Loss: 1063.9251, Best Loss: 1063.9251, Learning Rate: 0.000009
Epoch [30/300], Average Loss: 441.2355, Best Loss: 441.2355, Learning Rate: 0.000009
Epoch [40/300], Average Loss: 156.3959, Best Loss: 156.3959, Learning Rate: 0.000008
Epoch [50/300], Average Loss: 54.6400, Best Loss: 54.6400, Learning Rate: 0.000008
Epoch [60/300], Average Loss: 13.1595, Best Loss: 13.1595, Learning Rate: 0.000007
Epoch [70/300], Average Loss: 3.3073, Best Loss: 3.3073, Learning Rate: 0.000007
Epoch [80/300], Average Loss: 3.2567, Best Loss: 2.9030, Learning Rate: 0.000007
Epoch [90/300], Average Loss: 3.0272, Best Loss: 2.6215, Learning Rate: 0.000007
Epoch [100/300], Average Loss: 2.8650, Best Loss: 2.2918, Learning Rate: 0.000006
Epoch [110/300], Average Loss: 2.5090, Best Loss: 2.2918, Learning Rate: 0.000006
Epoch [120/300], Average Loss: 2.3180, Best Loss: 2.2272, Learning Rate: 0.000005
Epoch [130/300], Average Loss: 2.5924, Best Loss: 2.1938, Learning Rate: 0.000005
Epoch [140/300], Average Loss: 2.5218, Best Loss: 2.0563, Learning Rate: 0.000005
Epoch [150/300], Average Loss: 2.3691, Best Loss: 2.0563, Learning Rate: 0.000005
Epoch [160/300], Average Loss: 2.3634, Best Loss: 2.0563, Learning Rate: 0.000004
Epoch [170/300], Average Loss: 2.1599, Best Loss: 2.0563, Learning Rate: 0.000004
Epoch [180/300], Average Loss: 2.2370, Best Loss: 2.0563, Learning Rate: 0.000004
Epoch [190/300], Average Loss: 1.9719, Best Loss: 1.9719, Learning Rate: 0.000004
Epoch [200/300], Average Loss: 2.2811, Best Loss: 1.9701, Learning Rate: 0.000003
Epoch [210/300], Average Loss: 2.2092, Best Loss: 1.9622, Learning Rate: 0.000003
Epoch [220/300], Average Loss: 2.1163, Best Loss: 1.9622, Learning Rate: 0.000003
Epoch [230/300], Average Loss: 2.2771, Best Loss: 1.9328, Learning Rate: 0.000003
Epoch [240/300], Average Loss: 2.1915, Best Loss: 1.9328, Learning Rate: 0.000003
Epoch [250/300], Average Loss: 2.0046, Best Loss: 1.8778, Learning Rate: 0.000003
Epoch [260/300], Average Loss: 2.2230, Best Loss: 1.8778, Learning Rate: 0.000003
Epoch [270/300], Average Loss: 2.0486, Best Loss: 1.8778, Learning Rate: 0.000003
Epoch [280/300], Average Loss: 2.3133, Best Loss: 1.8778, Learning Rate: 0.000002
Epoch [290/300], Average Loss: 2.0918, Best Loss: 1.8778, Learning Rate: 0.000002
Epoch [300/300], Average Loss: 2.1749, Best Loss: 1.8135, Learning Rate: 0.000002
[DEBUG][eval_exec] ===== data ranges =====
X_test shape=(2, 14) y_test shape=(2,) dop_test shape=(2,)
y_test min=366.410004 max=22330.152344 mean=11348.281250
dop_test min=64.000000 max=64.000000 mean=64.000000
[DEBUG][exec] ===== sample params/predictions =====
idx=0 dop=64.0000 true=366.4100 pred=1189374336.0000 a=2.000000 b=0.001000 c=930091264.000000 d=0.000000 e=259283072.000000
idx=1 dop=64.0000 true=22330.1523 pred=7270587392.0000 a=2.000000 b=0.001000 c=7040133120.000000 d=0.000000 e=230454272.000000
[DEBUG][exec] ranges: a[2.000000, 2.000000] b[0.001000, 0.001000] c[930091264.000000, 7040133120.000000] d[0.000000, 0.000000] e[230454272.000000, 259283072.000000] true[366.410004, 22330.152344] pred[1189374336.000000, 7270587392.000000]
ONNX model saved to: /home/candle/Project/serverless_tools/output/tpch/models/exact_train/operator_dop_aware/TableScan/exec_TableScan.onnx
Native model prediction time: 93.017094 seconds
ONNX model prediction time: 0.001908 seconds
All operator exec results have been saved to /home/candle/Project/serverless_tools/output/evaluations/dop_aware/all_operators_performance_exec.csv
DOP-aware model training 完成，耗时: 1302.2765 秒
✅ Training completed

============================================================
🎉 All tasks completed!
============================================================
