[日志] 已启用文件日志: logs/main_dop_aware_tpch_exact_train_20260513_155342.log
============================================================
Serverless Predictor Main Control Script
============================================================
Test dataset: tpch
Model dataset: tpch
Training mode: exact_train
Use estimates: False
============================================================

🚀 Starting training: dop_aware
Starting DOP-aware operator model training...
成功加载TPCH训练集计划数据: /home/candle/Project/serverless_tools/data_kunpeng/tpch_output_500/plan_info.csv (23093 行)
成功加载TPCH测试集计划数据: /home/candle/Project/serverless_tools/data_kunpeng/tpch_output_22/plan_info.csv (176 行)
开始 DOP-aware model training...
信息: 算子 'CStore Index Scan' 在提供的训练数据中不存在，将完全跳过此算子。
信息: 算子 'Vector Nest Loop' 在提供的训练数据中不存在，将完全跳过此算子。
信息: 算子 'Vector Merge Join' 在提供的训练数据中不存在，将完全跳过此算子。
信息: 算子 'Aggregate' 在提供的训练数据中不存在，将完全跳过此算子。
信息: 算子 'Hash' 在提供的训练数据中不存在，将完全跳过此算子。
信息: 算子 'Vector WindowAgg' 在提供的训练数据中不存在，将完全跳过此算子。
信息: 算子 'Append' 在提供的训练数据中不存在，将完全跳过此算子。
信息: 算子 'Index Only Scan' 在提供的训练数据中不存在，将完全跳过此算子。
信息: 算子 'Hash Join' 在提供的训练数据中不存在，将完全跳过此算子。
信息: 算子 'CStore Scan' 在提供的训练数据中不存在，将完全跳过此算子。
信息: 算子 'Vector Materialize' 在提供的训练数据中不存在，将完全跳过此算子。
信息: 算子 'Vector Aggregate' 在提供的训练数据中不存在，将完全跳过此算子。
信息: 算子 'Vector Sort' 在提供的训练数据中不存在，将完全跳过此算子。
信息: 算子 'Vector Hash Aggregate' 在提供的训练数据中不存在，将完全跳过此算子。
信息: 算子 'Vector Sonic Hash Aggregate' 在提供的训练数据中不存在，将完全跳过此算子。
信息: 算子 'Vector Hash Join' 在提供的训练数据中不存在，将完全跳过此算子。
信息: 算子 'Vector Sonic Hash Join' 在提供的训练数据中不存在，将完全跳过此算子。
信息: 算子 'Vector Streaming LOCAL GATHER' 在提供的训练数据中不存在，将完全跳过此算子。
信息: 算子 'Vector Streaming LOCAL REDISTRIBUTE' 在提供的训练数据中不存在，将完全跳过此算子。
信息: 算子 'Vector Streaming BROADCAST' 在提供的训练数据中不存在，将完全跳过此算子。
信息: 算子 'Vector SetOp' 在提供的训练数据中不存在，将完全跳过此算子。
信息: 算子 'Vector Append' 在提供的训练数据中不存在，将完全跳过此算子。
信息: 算子 'ScanFilterProject' 在提供的训练数据中不存在，将完全跳过此算子。
信息: 算子 'Aggregate' 在提供的训练数据中不存在，将完全跳过此算子。

Training operator: AssignUniqueId
信息: 算子 'CrossJoin' 在提供的训练数据中不存在，将完全跳过此算子。

Training operator: EnforceSingleRow

Training operator: FilterProject
信息: 算子 'InnerJoin' 在提供的训练数据中不存在，将完全跳过此算子。
信息: 算子 'LeftJoin' 在提供的训练数据中不存在，将完全跳过此算子。
信息: 算子 'LocalExchange' 在提供的训练数据中不存在，将完全跳过此算子。

Training operator: LocalMerge
信息: 算子 'PartialSort' 在提供的训练数据中不存在，将完全跳过此算子。
信息: 算子 'Project' 在提供的训练数据中不存在，将完全跳过此算子。
信息: 算子 'RemoteSource' 在提供的训练数据中不存在，将完全跳过此算子。
信息: 算子 'ScanFilter' 在提供的训练数据中不存在，将完全跳过此算子。
信息: 算子 'ScanProject' 在提供的训练数据中不存在，将完全跳过此算子。
信息: 算子 'SemiJoin' 在提供的训练数据中不存在，将完全跳过此算子。

Training operator: TableScan
[Exec Hyperparams] operator=TableScan, lr=0.01, batch_size=16, epochs=100
[DEBUG][train_exec] ===== data ranges =====
X_train shape=(1918, 14) y_train shape=(1918,) dop_train shape=(1918,)
y_train min=0.017525 max=2972.502197 mean=228.230499
dop_train min=2.000000 max=160.000000 mean=60.741398
Epoch [10/100], Average Loss: 10994687.6481, Best Loss: 845428.0966, Learning Rate: 0.010000
Epoch [20/100], Average Loss: 4490389.8268, Best Loss: 845428.0966, Learning Rate: 0.009000
Epoch [30/100], Average Loss: 7230309.2751, Best Loss: 845428.0966, Learning Rate: 0.009000
Epoch [40/100], Average Loss: 2796604.0717, Best Loss: 845428.0966, Learning Rate: 0.008100
Epoch [50/100], Average Loss: 2513163.7453, Best Loss: 845428.0966, Learning Rate: 0.008100
Epoch [60/100], Average Loss: 3379296.4518, Best Loss: 845428.0966, Learning Rate: 0.007290
Epoch [70/100], Average Loss: 6165865.3095, Best Loss: 845428.0966, Learning Rate: 0.007290
Epoch [80/100], Average Loss: 6421007.8617, Best Loss: 845428.0966, Learning Rate: 0.006561
DOP-aware model training 完成，耗时: 68.8604 秒
Traceback (most recent call last):
  File "/usr/lib/python3.8/runpy.py", line 194, in _run_module_as_main
    return _run_code(code, main_globals, None,
  File "/usr/lib/python3.8/runpy.py", line 87, in _run_code
    exec(code, run_globals)
  File "/home/candle/.cursor-server/extensions/ms-python.python-2023.6.0/pythonFiles/lib/python/debugpy/adapter/../../debugpy/launcher/../../debugpy/__main__.py", line 39, in <module>
    cli.main()
  File "/home/candle/.cursor-server/extensions/ms-python.python-2023.6.0/pythonFiles/lib/python/debugpy/adapter/../../debugpy/launcher/../../debugpy/../debugpy/server/cli.py", line 430, in main
    run()
  File "/home/candle/.cursor-server/extensions/ms-python.python-2023.6.0/pythonFiles/lib/python/debugpy/adapter/../../debugpy/launcher/../../debugpy/../debugpy/server/cli.py", line 284, in run_file
    runpy.run_path(target, run_name="__main__")
  File "/home/candle/.cursor-server/extensions/ms-python.python-2023.6.0/pythonFiles/lib/python/debugpy/_vendored/pydevd/_pydevd_bundle/pydevd_runpy.py", line 321, in run_path
    return _run_module_code(code, init_globals, run_name,
  File "/home/candle/.cursor-server/extensions/ms-python.python-2023.6.0/pythonFiles/lib/python/debugpy/_vendored/pydevd/_pydevd_bundle/pydevd_runpy.py", line 135, in _run_module_code
    _run_code(code, mod_globals, init_globals,
  File "/home/candle/.cursor-server/extensions/ms-python.python-2023.6.0/pythonFiles/lib/python/debugpy/_vendored/pydevd/_pydevd_bundle/pydevd_runpy.py", line 124, in _run_code
    exec(code, run_globals)
  File "/home/candle/Project/serverless_tools/scripts/main.py", line 863, in <module>
    main()
  File "/home/candle/Project/serverless_tools/scripts/main.py", line 209, in main
    success = train_dop_aware_models(DATASET, TRAIN_MODE, 
  File "/home/candle/Project/serverless_tools/scripts/train.py", line 42, in train_dop_aware_models
    train_func(
  File "/home/candle/Project/serverless_tools/training/operator_dop_aware/train.py", line 338, in train_all_operators
    process_and_train_curve(
  File "/home/candle/Project/serverless_tools/training/operator_dop_aware/train.py", line 102, in process_and_train_curve
    results_exec = train_one_operator_exec(
  File "/home/candle/Project/serverless_tools/training/operator_dop_aware/train.py", line 229, in train_one_operator_exec
    models_exec, training_times_exec = dop_model.train_exec_curve_model(
  File "/home/candle/Project/serverless_tools/training/operator_dop_aware/model.py", line 363, in train_exec_curve_model
    print(f"Epoch [{epoch + 1}/{epochs}], Average Loss: {avg_epoch_loss:.4f}, Best Loss: {best_loss:.4f}, Learning Rate: {scheduler.get_last_lr()[0]:.6f}")
  File "/home/candle/Project/serverless_tools/utils/logger.py", line 20, in write
    stream.write(data)
KeyboardInterrupt
