[日志] 已启用文件日志: logs/main_dop_aware_tpch_exact_train_20260512_202137.log
============================================================
Serverless Predictor Main Control Script
============================================================
Test dataset: tpch
Model dataset: tpch
Training mode: exact_train
Use estimates: False
============================================================

🚀 Starting training: dop_aware
Starting DOP-aware operator model training...
成功加载TPCH训练集计划数据: /home/candle/Project/serverless_tools/data_kunpeng/tpch_output_500/plan_info.csv (23093 行)
成功加载TPCH测试集计划数据: /home/candle/Project/serverless_tools/data_kunpeng/tpch_output_22/plan_info.csv (30 行)
开始 DOP-aware model training...
信息: 算子 'CStore Index Scan' 在提供的训练数据中不存在，将完全跳过此算子。
信息: 算子 'Vector Nest Loop' 在提供的训练数据中不存在，将完全跳过此算子。
信息: 算子 'Vector Merge Join' 在提供的训练数据中不存在，将完全跳过此算子。
信息: 算子 'Aggregate' 在提供的训练数据中不存在，将完全跳过此算子。
信息: 算子 'Hash' 在提供的训练数据中不存在，将完全跳过此算子。
信息: 算子 'Vector WindowAgg' 在提供的训练数据中不存在，将完全跳过此算子。
信息: 算子 'Append' 在提供的训练数据中不存在，将完全跳过此算子。
信息: 算子 'Index Only Scan' 在提供的训练数据中不存在，将完全跳过此算子。
信息: 算子 'Hash Join' 在提供的训练数据中不存在，将完全跳过此算子。
信息: 算子 'CStore Scan' 在提供的训练数据中不存在，将完全跳过此算子。
信息: 算子 'Vector Materialize' 在提供的训练数据中不存在，将完全跳过此算子。
信息: 算子 'Vector Aggregate' 在提供的训练数据中不存在，将完全跳过此算子。
信息: 算子 'Vector Sort' 在提供的训练数据中不存在，将完全跳过此算子。
信息: 算子 'Vector Hash Aggregate' 在提供的训练数据中不存在，将完全跳过此算子。
信息: 算子 'Vector Sonic Hash Aggregate' 在提供的训练数据中不存在，将完全跳过此算子。
信息: 算子 'Vector Hash Join' 在提供的训练数据中不存在，将完全跳过此算子。
信息: 算子 'Vector Sonic Hash Join' 在提供的训练数据中不存在，将完全跳过此算子。
信息: 算子 'Vector Streaming LOCAL GATHER' 在提供的训练数据中不存在，将完全跳过此算子。
信息: 算子 'Vector Streaming LOCAL REDISTRIBUTE' 在提供的训练数据中不存在，将完全跳过此算子。
信息: 算子 'Vector Streaming BROADCAST' 在提供的训练数据中不存在，将完全跳过此算子。
信息: 算子 'Vector SetOp' 在提供的训练数据中不存在，将完全跳过此算子。
信息: 算子 'Vector Append' 在提供的训练数据中不存在，将完全跳过此算子。
信息: 算子 'ScanFilterProject' 在提供的训练数据中不存在，将完全跳过此算子。
信息: 算子 'Aggregate' 在提供的训练数据中不存在，将完全跳过此算子。

Training operator: AssignUniqueId
信息: 算子 'CrossJoin' 在提供的训练数据中不存在，将完全跳过此算子。

Training operator: EnforceSingleRow

Training operator: FilterProject
信息: 算子 'InnerJoin' 在提供的训练数据中不存在，将完全跳过此算子。
信息: 算子 'LeftJoin' 在提供的训练数据中不存在，将完全跳过此算子。
信息: 算子 'LocalExchange' 在提供的训练数据中不存在，将完全跳过此算子。

Training operator: LocalMerge
信息: 算子 'PartialSort' 在提供的训练数据中不存在，将完全跳过此算子。
信息: 算子 'Project' 在提供的训练数据中不存在，将完全跳过此算子。
信息: 算子 'RemoteSource' 在提供的训练数据中不存在，将完全跳过此算子。
信息: 算子 'ScanFilter' 在提供的训练数据中不存在，将完全跳过此算子。
信息: 算子 'ScanProject' 在提供的训练数据中不存在，将完全跳过此算子。
信息: 算子 'SemiJoin' 在提供的训练数据中不存在，将完全跳过此算子。

Training operator: TableScan
[Exec Hyperparams] operator=TableScan, lr=1e-05, batch_size=16, epochs=300
[DEBUG][train_exec] ===== data ranges =====
X_train shape=(1918, 14) y_train shape=(1918,) dop_train shape=(1918,)
y_train min=0.017525 max=2972.502197 mean=228.230499
dop_train min=2.000000 max=160.000000 mean=60.741398
Epoch [10/300], Average Loss: 30242025.0562, Best Loss: 30242025.0562, Learning Rate: 0.000010
Epoch [20/300], Average Loss: 29924885.0864, Best Loss: 29251649.6934, Learning Rate: 0.000009
Epoch [30/300], Average Loss: 30031082.0837, Best Loss: 29251649.6934, Learning Rate: 0.000009
Epoch [40/300], Average Loss: 29838453.2823, Best Loss: 28734123.2996, Learning Rate: 0.000008
Epoch [50/300], Average Loss: 29642198.5992, Best Loss: 28734123.2996, Learning Rate: 0.000008
Epoch [60/300], Average Loss: 29282384.1192, Best Loss: 28066231.4900, Learning Rate: 0.000007
Epoch [70/300], Average Loss: 29734564.1076, Best Loss: 28066231.4900, Learning Rate: 0.000007
Epoch [80/300], Average Loss: 29107082.9716, Best Loss: 28066231.4900, Learning Rate: 0.000007
Epoch [90/300], Average Loss: 29726802.4540, Best Loss: 28066231.4900, Learning Rate: 0.000007
Epoch [100/300], Average Loss: 29451565.5431, Best Loss: 28066231.4900, Learning Rate: 0.000006
Epoch [110/300], Average Loss: 28736129.1514, Best Loss: 28066231.4900, Learning Rate: 0.000006
Epoch [120/300], Average Loss: 29900142.9065, Best Loss: 28066231.4900, Learning Rate: 0.000005
Epoch [130/300], Average Loss: 29493569.4798, Best Loss: 28066231.4900, Learning Rate: 0.000005
Epoch [140/300], Average Loss: 29278118.0484, Best Loss: 28066231.4900, Learning Rate: 0.000005
Epoch [150/300], Average Loss: 29609761.4373, Best Loss: 28066231.4900, Learning Rate: 0.000005
Epoch [160/300], Average Loss: 29786921.4998, Best Loss: 28066231.4900, Learning Rate: 0.000004
Epoch [170/300], Average Loss: 29399923.5368, Best Loss: 28066231.4900, Learning Rate: 0.000004
Epoch [180/300], Average Loss: 29481344.3154, Best Loss: 28066231.4900, Learning Rate: 0.000004
Epoch [190/300], Average Loss: 29715381.0300, Best Loss: 28066231.4900, Learning Rate: 0.000004
Epoch [200/300], Average Loss: 29691032.9268, Best Loss: 28066231.4900, Learning Rate: 0.000003
Epoch [210/300], Average Loss: 29904041.1916, Best Loss: 28066231.4900, Learning Rate: 0.000003
Epoch [220/300], Average Loss: 29452604.6533, Best Loss: 28066231.4900, Learning Rate: 0.000003
Epoch [230/300], Average Loss: 28993269.9837, Best Loss: 28066231.4900, Learning Rate: 0.000003
Epoch [240/300], Average Loss: 29969789.9726, Best Loss: 28066231.4900, Learning Rate: 0.000003
Epoch [250/300], Average Loss: 29688008.3932, Best Loss: 28066231.4900, Learning Rate: 0.000003
Epoch [260/300], Average Loss: 29564866.8894, Best Loss: 28066231.4900, Learning Rate: 0.000003
Epoch [270/300], Average Loss: 30321682.3308, Best Loss: 28066231.4900, Learning Rate: 0.000003
Epoch [280/300], Average Loss: 29871621.7700, Best Loss: 28066231.4900, Learning Rate: 0.000002
Epoch [290/300], Average Loss: 29368887.9289, Best Loss: 28066231.4900, Learning Rate: 0.000002
Epoch [300/300], Average Loss: 30096008.2950, Best Loss: 28066231.4900, Learning Rate: 0.000002
[DEBUG][eval_exec] ===== data ranges =====
X_test shape=(2, 14) y_test shape=(2,) dop_test shape=(2,)
y_test min=366.410004 max=22330.152344 mean=11348.281250
dop_test min=64.000000 max=64.000000 mean=64.000000
[DEBUG][exec] ===== sample params/predictions =====
idx=0 dop=64.0000 true=366.4100 pred=51216781312.0000 a=0.050000 b=63051374592.000000 c=50000.000000 d=1.000000 e=-50000.000000
idx=1 dop=64.0000 true=22330.1523 pred=369637326848.0000 a=0.050000 b=455080968192.000000 c=-50000.000000 d=1.000000 e=-50000.000000
[DEBUG][exec] ranges: a[0.050000, 0.050000] b[63051374592.000000, 455080968192.000000] c[-50000.000000, 50000.000000] d[1.000000, 1.000000] e[-50000.000000, -50000.000000] true[366.410004, 22330.152344] pred[51216781312.000000, 369637326848.000000]
ONNX model saved to: /home/candle/Project/serverless_tools/output/tpch/models/exact_train/operator_dop_aware/TableScan/exec_TableScan.onnx
Native model prediction time: 0.000412 seconds
ONNX model prediction time: 0.000203 seconds
All operator exec results have been saved to /home/candle/Project/serverless_tools/output/evaluations/dop_aware/all_operators_performance_exec.csv
DOP-aware model training 完成，耗时: 211.1815 秒
✅ Training completed

============================================================
🎉 All tasks completed!
============================================================
